
> build
> vite build

[36mvite v7.3.1 [32mbuilding client environment for production...[36m[39m
transforming...
[32mΓ£ô[39m 3 modules transformed.
node.exe : [33mGenerated an empty 
chunk: "app".[39m
At line:1 char:1
+ & "C:\Program 
Files\nodejs/node.exe" "C:\Program 
Files\nodejs/node_mo ...
+ ~~~~~~~~~~~~~~~~~~~~~~~~~~~~~~~~~~~
~~~~~~~~~~~~~~~~~~~~~~~~~~~~~~~~~~
    + CategoryInfo          : NotSpe 
   cified: ([33mGenerated ...nk: "  
  app".[39m:String) [], RemoteExc   
 eption
    + FullyQualifiedErrorId : Native 
   CommandError
 
rendering chunks...
computing gzip size...
[2mpublic/build/[22m[32mmanifest.json                [39m[1m[2m  0.54 kB[22m[1m[22m[2m Γöé gzip:  0.20 kB[22m
[2mpublic/build/[22m[35massets/welcome-D4NM0oDL.css  [39m[1m[2m116.15 kB[22m[1m[22m[2m Γöé gzip: 18.79 kB[22m
[2mpublic/build/[22m[35massets/app-DNQU_bkj.css      [39m[1m[2m275.22 kB[22m[1m[22m[2m Γöé gzip: 36.66 kB[22m
[2mpublic/build/[22m[36massets/app-l0sNRNKZ.js       [39m[1m[2m  0.00 kB[22m[1m[22m[2m Γöé gzip:  0.02 kB[22m
[32mΓ£ô built in 2.95s[39m
